[2026-04-30 18:10:13,312: INFO: main: Welcome to Ml Batch p logs:]
[2026-04-30 18:11:08,437: INFO: main: Welcome to Ml Batch p logs:]
[2026-04-30 20:41:16,201: INFO: common: YAML file config\config.yaml loaded successfully:]
[2026-04-30 20:42:43,693: INFO: common: YAML file config\config.yaml loaded successfully:]
[2026-04-30 20:43:28,030: INFO: common: YAML file config\config.yaml loaded successfully:]
[2026-04-30 20:46:22,767: INFO: common: YAML file config\config.yaml loaded successfully:]
[2026-04-30 20:46:22,775: INFO: common: YAML file params.yaml loaded successfully:]
[2026-04-30 20:46:22,778: INFO: common: created directory at: artifacts:]
[2026-04-30 20:46:22,780: INFO: common: created directory at: artifacts/data_ingestion:]
[2026-04-30 20:46:36,232: INFO: 4037744573: artifacts/data_ingestion/data.zip download! with following info: 
Connection: close
Content-Length: 11616915
Cache-Control: max-age=300
Content-Security-Policy: default-src 'none'; style-src 'unsafe-inline'; sandbox
Content-Type: application/zip
ETag: "adf745abc03891fe493c3be264ec012691fe3fa21d861f35a27edbe6d86a76b1"
Strict-Transport-Security: max-age=31536000
X-Content-Type-Options: nosniff
X-Frame-Options: deny
X-XSS-Protection: 1; mode=block
X-GitHub-Request-Id: 74F0:3AA7C0:205B71E:270EAA5:69F37247
Accept-Ranges: bytes
Date: Thu, 30 Apr 2026 15:16:25 GMT
Via: 1.1 varnish
X-Served-By: cache-del-vibw2260023-DEL
X-Cache: MISS
X-Cache-Hits: 0
X-Timer: S1777562184.106853,VS0,VE1451
Vary: Authorization,Accept-Encoding
Access-Control-Allow-Origin: *
Cross-Origin-Resource-Policy: cross-origin
X-Fastly-Request-ID: dff3ecaca836c2042345f632505bf58d3b9d0957
Expires: Thu, 30 Apr 2026 15:21:25 GMT
Source-Age: 1

:]
[2026-05-01 07:30:33,189: INFO: main: >>>>>> Data Ingestion Stage started <<<<<<:]
[2026-05-01 07:30:33,192: INFO: common: YAML file config\config.yaml loaded successfully:]
[2026-05-01 07:30:33,227: INFO: common: YAML file params.yaml loaded successfully:]
[2026-05-01 07:30:33,229: INFO: common: created directory at: artifacts:]
[2026-05-01 07:30:33,230: INFO: common: created directory at: artifacts/data_ingestion:]
[2026-05-01 07:30:33,231: INFO: data_ingestion: File already exists of size: ~ 11345 KB:]
[2026-05-01 07:30:33,805: INFO: main: >>>>>> Data Ingestion Stage completed <<<<<<

x==========x:]
[2026-05-01 07:53:02,351: INFO: common: YAML file config\config.yaml loaded successfully:]
[2026-05-01 07:53:02,355: INFO: common: YAML file params.yaml loaded successfully:]
[2026-05-01 07:53:02,357: INFO: common: created directory at: artifacts:]
[2026-05-01 07:53:02,360: INFO: common: created directory at: artifacts/prepare_base_model:]
[2026-05-01 07:53:11,283: WARNING: saving_api: You are saving your model as an HDF5 file via `model.save()` or `keras.saving.save_model(model)`. This file format is considered legacy. We recommend using instead the native Keras format, e.g. `model.save('my_model.keras')` or `keras.saving.save_model(model, 'my_model.keras')`. :]
[2026-05-01 07:53:11,656: WARNING: config: TensorFlow GPU support is not available on native Windows for TensorFlow >= 2.11. Even if CUDA/cuDNN are installed, GPU will not be used. Please use WSL2 or the TensorFlow-DirectML plugin.:]
[2026-05-01 07:53:11,895: WARNING: saving_api: You are saving your model as an HDF5 file via `model.save()` or `keras.saving.save_model(model)`. This file format is considered legacy. We recommend using instead the native Keras format, e.g. `model.save('my_model.keras')` or `keras.saving.save_model(model, 'my_model.keras')`. :]
[2026-05-01 08:17:19,773: INFO: main: >>>>>> Data Ingestion Stage started <<<<<<:]
[2026-05-01 08:17:19,789: INFO: common: YAML file config\config.yaml loaded successfully:]
[2026-05-01 08:17:19,793: INFO: common: YAML file params.yaml loaded successfully:]
[2026-05-01 08:17:19,795: INFO: common: created directory at: artifacts:]
[2026-05-01 08:17:19,796: INFO: common: created directory at: artifacts/data_ingestion:]
[2026-05-01 08:17:19,797: INFO: data_ingestion: File already exists of size: ~ 11345 KB:]
[2026-05-01 08:17:20,435: INFO: main: >>>>>> Data Ingestion Stage completed <<<<<<

x==========x:]
[2026-05-01 08:17:20,436: INFO: main: >>>>>> Prepare Base Model started <<<<<<:]
[2026-05-01 08:17:20,439: INFO: common: YAML file config\config.yaml loaded successfully:]
[2026-05-01 08:17:20,442: INFO: common: YAML file params.yaml loaded successfully:]
[2026-05-01 08:17:20,444: INFO: common: created directory at: artifacts:]
[2026-05-01 08:17:20,446: INFO: common: created directory at: artifacts/prepare_base_model:]
[2026-05-01 08:17:21,293: WARNING: saving_api: You are saving your model as an HDF5 file via `model.save()` or `keras.saving.save_model(model)`. This file format is considered legacy. We recommend using instead the native Keras format, e.g. `model.save('my_model.keras')` or `keras.saving.save_model(model, 'my_model.keras')`. :]
[2026-05-01 08:17:21,481: WARNING: config: TensorFlow GPU support is not available on native Windows for TensorFlow >= 2.11. Even if CUDA/cuDNN are installed, GPU will not be used. Please use WSL2 or the TensorFlow-DirectML plugin.:]
[2026-05-01 08:17:21,538: WARNING: saving_api: You are saving your model as an HDF5 file via `model.save()` or `keras.saving.save_model(model)`. This file format is considered legacy. We recommend using instead the native Keras format, e.g. `model.save('my_model.keras')` or `keras.saving.save_model(model, 'my_model.keras')`. :]
[2026-05-01 08:17:21,750: INFO: main: >>>>>> Prepare Base Model completed <<<<<<

x==========x:]
[2026-05-01 09:23:37,104: INFO: common: YAML file config\config.yaml loaded successfully:]
[2026-05-01 09:23:37,140: INFO: common: YAML file params.yaml loaded successfully:]
[2026-05-01 09:23:37,142: INFO: common: created directory at: artifacts:]
[2026-05-01 09:23:37,145: INFO: common: created directory at: artifacts\prepare_callbacks\checkpoint_dir:]
[2026-05-01 09:23:37,148: INFO: common: created directory at: artifacts\prepare_callbacks\tensorboard_log_dir:]
[2026-05-02 10:38:04,499: INFO: common: YAML file config\config.yaml loaded successfully:]
[2026-05-02 10:38:04,526: INFO: common: YAML file params.yaml loaded successfully:]
[2026-05-02 10:38:04,530: INFO: common: created directory at: artifacts:]
[2026-05-02 10:38:04,532: INFO: common: created directory at: artifacts\prepare_callbacks\checkpoint_dir:]
[2026-05-02 10:38:04,535: INFO: common: created directory at: artifacts\prepare_callbacks\tensorboard_log_dir:]
[2026-05-02 10:38:04,538: INFO: common: created directory at: artifacts\training:]
[2026-05-02 10:38:05,443: WARNING: config: TensorFlow GPU support is not available on native Windows for TensorFlow >= 2.11. Even if CUDA/cuDNN are installed, GPU will not be used. Please use WSL2 or the TensorFlow-DirectML plugin.:]
[2026-05-02 10:45:37,528: INFO: common: YAML file config\config.yaml loaded successfully:]
[2026-05-02 10:45:37,533: INFO: common: YAML file params.yaml loaded successfully:]
[2026-05-02 10:45:37,535: INFO: common: created directory at: artifacts:]
[2026-05-02 10:45:37,537: INFO: common: created directory at: artifacts\prepare_callbacks\checkpoint_dir:]
[2026-05-02 10:45:37,539: INFO: common: created directory at: artifacts\prepare_callbacks\tensorboard_log_dir:]
[2026-05-02 10:45:37,540: INFO: common: created directory at: artifacts\training:]
[2026-05-02 10:45:38,221: WARNING: config: TensorFlow GPU support is not available on native Windows for TensorFlow >= 2.11. Even if CUDA/cuDNN are installed, GPU will not be used. Please use WSL2 or the TensorFlow-DirectML plugin.:]
[2026-05-02 10:49:20,144: WARNING: saving_api: You are saving your model as an HDF5 file via `model.save()` or `keras.saving.save_model(model)`. This file format is considered legacy. We recommend using instead the native Keras format, e.g. `model.save('my_model.keras')` or `keras.saving.save_model(model, 'my_model.keras')`. :]
[2026-05-02 10:49:20,522: WARNING: saving_api: You are saving your model as an HDF5 file via `model.save()` or `keras.saving.save_model(model)`. This file format is considered legacy. We recommend using instead the native Keras format, e.g. `model.save('my_model.keras')` or `keras.saving.save_model(model, 'my_model.keras')`. :]
[2026-05-02 11:06:59,596: INFO: main: >>>>>> Data Ingestion Stage started <<<<<<:]
[2026-05-02 11:06:59,600: INFO: common: YAML file config\config.yaml loaded successfully:]
[2026-05-02 11:06:59,602: INFO: common: YAML file params.yaml loaded successfully:]
[2026-05-02 11:06:59,603: INFO: common: created directory at: artifacts:]
[2026-05-02 11:06:59,604: INFO: common: created directory at: artifacts/data_ingestion:]
[2026-05-02 11:06:59,605: INFO: data_ingestion: File already exists of size: ~ 11345 KB:]
[2026-05-02 11:07:00,163: INFO: main: >>>>>> Data Ingestion Stage completed <<<<<<

x==========x:]
[2026-05-02 11:07:00,164: INFO: main: >>>>>> Prepare Base Model started <<<<<<:]
[2026-05-02 11:07:00,167: INFO: common: YAML file config\config.yaml loaded successfully:]
[2026-05-02 11:07:00,168: INFO: common: YAML file params.yaml loaded successfully:]
[2026-05-02 11:07:00,168: INFO: common: created directory at: artifacts:]
[2026-05-02 11:07:00,169: INFO: common: created directory at: artifacts/prepare_base_model:]
[2026-05-02 11:07:00,871: WARNING: saving_api: You are saving your model as an HDF5 file via `model.save()` or `keras.saving.save_model(model)`. This file format is considered legacy. We recommend using instead the native Keras format, e.g. `model.save('my_model.keras')` or `keras.saving.save_model(model, 'my_model.keras')`. :]
[2026-05-02 11:07:01,102: WARNING: config: TensorFlow GPU support is not available on native Windows for TensorFlow >= 2.11. Even if CUDA/cuDNN are installed, GPU will not be used. Please use WSL2 or the TensorFlow-DirectML plugin.:]
[2026-05-02 11:07:01,146: WARNING: saving_api: You are saving your model as an HDF5 file via `model.save()` or `keras.saving.save_model(model)`. This file format is considered legacy. We recommend using instead the native Keras format, e.g. `model.save('my_model.keras')` or `keras.saving.save_model(model, 'my_model.keras')`. :]
[2026-05-02 11:07:01,290: INFO: main: >>>>>> Prepare Base Model completed <<<<<<

x==========x:]
[2026-05-02 11:07:01,290: INFO: main: >>>>>> Training started <<<<<<:]
[2026-05-02 11:07:01,295: INFO: common: YAML file config\config.yaml loaded successfully:]
[2026-05-02 11:07:01,297: INFO: common: YAML file params.yaml loaded successfully:]
[2026-05-02 11:07:01,298: INFO: common: created directory at: artifacts:]
[2026-05-02 11:07:01,298: INFO: common: created directory at: artifacts\prepare_callbacks\checkpoint_dir:]
[2026-05-02 11:07:01,298: INFO: common: created directory at: artifacts\prepare_callbacks\tensorboard_log_dir:]
[2026-05-02 11:07:01,299: INFO: common: created directory at: artifacts\training:]
[2026-05-02 11:07:01,635: WARNING: saving_utils: Compiled the loaded model, but the compiled metrics have yet to be built. `model.compile_metrics` will be empty until you train or evaluate the model.:]
[2026-05-02 11:11:01,988: WARNING: saving_api: You are saving your model as an HDF5 file via `model.save()` or `keras.saving.save_model(model)`. This file format is considered legacy. We recommend using instead the native Keras format, e.g. `model.save('my_model.keras')` or `keras.saving.save_model(model, 'my_model.keras')`. :]
[2026-05-02 11:11:02,388: WARNING: saving_api: You are saving your model as an HDF5 file via `model.save()` or `keras.saving.save_model(model)`. This file format is considered legacy. We recommend using instead the native Keras format, e.g. `model.save('my_model.keras')` or `keras.saving.save_model(model, 'my_model.keras')`. :]
[2026-05-02 11:11:02,739: INFO: main: >>>>>> Training completed <<<<<<

x==========x:]
[2026-05-04 11:00:33,943: INFO: main: >>>>>> Data Ingestion Stage started <<<<<<:]
[2026-05-04 11:00:33,948: INFO: common: YAML file config\config.yaml loaded successfully:]
[2026-05-04 11:00:33,950: INFO: common: YAML file params.yaml loaded successfully:]
[2026-05-04 11:00:33,951: INFO: common: created directory at: artifacts:]
[2026-05-04 11:00:33,951: INFO: common: created directory at: artifacts/data_ingestion:]
[2026-05-04 11:00:33,952: INFO: data_ingestion: File already exists of size: ~ 11345 KB:]
[2026-05-04 11:00:34,291: INFO: main: >>>>>> Data Ingestion Stage completed <<<<<<

x==========x:]
[2026-05-04 11:00:34,292: INFO: main: >>>>>> Prepare Base Model started <<<<<<:]
[2026-05-04 11:00:34,293: INFO: common: YAML file config\config.yaml loaded successfully:]
[2026-05-04 11:00:34,294: INFO: common: YAML file params.yaml loaded successfully:]
[2026-05-04 11:00:34,295: INFO: common: created directory at: artifacts:]
[2026-05-04 11:00:34,295: INFO: common: created directory at: artifacts/prepare_base_model:]
[2026-05-04 11:00:34,729: WARNING: saving_api: You are saving your model as an HDF5 file via `model.save()` or `keras.saving.save_model(model)`. This file format is considered legacy. We recommend using instead the native Keras format, e.g. `model.save('my_model.keras')` or `keras.saving.save_model(model, 'my_model.keras')`. :]
[2026-05-04 11:00:34,920: WARNING: config: TensorFlow GPU support is not available on native Windows for TensorFlow >= 2.11. Even if CUDA/cuDNN are installed, GPU will not be used. Please use WSL2 or the TensorFlow-DirectML plugin.:]
[2026-05-04 11:00:34,956: WARNING: saving_api: You are saving your model as an HDF5 file via `model.save()` or `keras.saving.save_model(model)`. This file format is considered legacy. We recommend using instead the native Keras format, e.g. `model.save('my_model.keras')` or `keras.saving.save_model(model, 'my_model.keras')`. :]
[2026-05-04 11:00:35,105: INFO: main: >>>>>> Prepare Base Model completed <<<<<<

x==========x:]
[2026-05-04 11:00:35,105: INFO: main: >>>>>> Training started <<<<<<:]
[2026-05-04 11:00:35,107: INFO: common: YAML file config\config.yaml loaded successfully:]
[2026-05-04 11:00:35,108: INFO: common: YAML file params.yaml loaded successfully:]
[2026-05-04 11:00:35,109: INFO: common: created directory at: artifacts:]
[2026-05-04 11:00:35,110: INFO: common: created directory at: artifacts\prepare_callbacks\checkpoint_dir:]
[2026-05-04 11:00:35,111: INFO: common: created directory at: artifacts\prepare_callbacks\tensorboard_log_dir:]
[2026-05-04 11:00:35,112: INFO: common: created directory at: artifacts\training:]
[2026-05-04 11:00:35,333: WARNING: saving_utils: Compiled the loaded model, but the compiled metrics have yet to be built. `model.compile_metrics` will be empty until you train or evaluate the model.:]
[2026-05-04 11:03:26,610: WARNING: saving_api: You are saving your model as an HDF5 file via `model.save()` or `keras.saving.save_model(model)`. This file format is considered legacy. We recommend using instead the native Keras format, e.g. `model.save('my_model.keras')` or `keras.saving.save_model(model, 'my_model.keras')`. :]
[2026-05-04 11:03:26,942: WARNING: saving_api: You are saving your model as an HDF5 file via `model.save()` or `keras.saving.save_model(model)`. This file format is considered legacy. We recommend using instead the native Keras format, e.g. `model.save('my_model.keras')` or `keras.saving.save_model(model, 'my_model.keras')`. :]
[2026-05-04 11:03:27,139: INFO: main: >>>>>> Training completed <<<<<<

x==========x:]
[2026-05-04 11:03:27,139: INFO: main: >>>>>> Evaluation started <<<<<<:]
[2026-05-04 11:03:27,143: INFO: common: YAML file config\config.yaml loaded successfully:]
[2026-05-04 11:03:27,145: INFO: common: YAML file params.yaml loaded successfully:]
[2026-05-04 11:03:27,146: INFO: common: created directory at: artifacts:]
[2026-05-04 11:03:27,452: WARNING: saving_utils: Compiled the loaded model, but the compiled metrics have yet to be built. `model.compile_metrics` will be empty until you train or evaluate the model.:]
[2026-05-04 11:04:08,686: INFO: common: json file saved at: scores.json:]
[2026-05-04 11:04:08,688: INFO: main: >>>>>> Evaluation completed <<<<<<

x==========x:]
[2026-05-07 10:37:07,820: INFO: stage_01_data_ingestion: >>>> stage Data Ingestion stage started >>>>>:]
[2026-05-07 10:37:07,824: INFO: common: YAML file config\config.yaml loaded successfully:]
[2026-05-07 10:37:07,825: INFO: common: YAML file params.yaml loaded successfully:]
[2026-05-07 10:37:07,825: INFO: common: created directory at: artifacts:]
[2026-05-07 10:37:07,826: INFO: common: created directory at: artifacts/data_ingestion:]
[2026-05-07 10:37:07,826: INFO: data_ingestion: File already exists of size: ~ 11345 KB:]
[2026-05-07 10:37:08,334: INFO: stage_01_data_ingestion: >>> stage Data Ingestion stage completed >>>>>

 x======x:]
[2026-05-07 10:39:05,843: INFO: stage_01_data_ingestion: >>>> stage Data Ingestion stage started >>>>>:]
[2026-05-07 10:39:05,846: INFO: common: YAML file config\config.yaml loaded successfully:]
[2026-05-07 10:39:05,848: INFO: common: YAML file params.yaml loaded successfully:]
[2026-05-07 10:39:05,849: INFO: common: created directory at: artifacts:]
[2026-05-07 10:39:05,849: INFO: common: created directory at: artifacts/data_ingestion:]
[2026-05-07 10:39:05,850: INFO: data_ingestion: File already exists of size: ~ 11345 KB:]
[2026-05-07 10:39:06,256: INFO: stage_01_data_ingestion: >>> stage Data Ingestion stage completed >>>>>

 x======x:]
[2026-05-07 10:39:37,933: INFO: stage_02_prepare_base_model: *******************:]
[2026-05-07 10:39:37,934: INFO: stage_02_prepare_base_model: >>>>>> stage Prepare base model started <<<<<<:]
[2026-05-07 10:39:37,938: INFO: common: YAML file config\config.yaml loaded successfully:]
[2026-05-07 10:39:37,941: INFO: common: YAML file params.yaml loaded successfully:]
[2026-05-07 10:39:37,943: INFO: common: created directory at: artifacts:]
[2026-05-07 10:39:37,944: INFO: common: created directory at: artifacts/prepare_base_model:]
[2026-05-07 10:39:38,682: WARNING: saving_api: You are saving your model as an HDF5 file via `model.save()` or `keras.saving.save_model(model)`. This file format is considered legacy. We recommend using instead the native Keras format, e.g. `model.save('my_model.keras')` or `keras.saving.save_model(model, 'my_model.keras')`. :]
[2026-05-07 10:39:38,855: WARNING: config: TensorFlow GPU support is not available on native Windows for TensorFlow >= 2.11. Even if CUDA/cuDNN are installed, GPU will not be used. Please use WSL2 or the TensorFlow-DirectML plugin.:]
[2026-05-07 10:39:38,891: WARNING: saving_api: You are saving your model as an HDF5 file via `model.save()` or `keras.saving.save_model(model)`. This file format is considered legacy. We recommend using instead the native Keras format, e.g. `model.save('my_model.keras')` or `keras.saving.save_model(model, 'my_model.keras')`. :]
[2026-05-07 10:39:39,042: INFO: stage_02_prepare_base_model: >>>>>> stage Prepare base model completed <<<<<<

x==========x:]
[2026-05-07 10:41:00,750: INFO: stage_02_prepare_base_model: *******************:]
[2026-05-07 10:41:00,750: INFO: stage_02_prepare_base_model: >>>>>> stage Prepare base model started <<<<<<:]
[2026-05-07 10:41:00,757: INFO: common: YAML file config\config.yaml loaded successfully:]
[2026-05-07 10:41:00,763: INFO: common: YAML file params.yaml loaded successfully:]
[2026-05-07 10:41:00,765: INFO: common: created directory at: artifacts:]
[2026-05-07 10:41:00,767: INFO: common: created directory at: artifacts/prepare_base_model:]
[2026-05-07 10:41:02,084: WARNING: saving_api: You are saving your model as an HDF5 file via `model.save()` or `keras.saving.save_model(model)`. This file format is considered legacy. We recommend using instead the native Keras format, e.g. `model.save('my_model.keras')` or `keras.saving.save_model(model, 'my_model.keras')`. :]
[2026-05-07 10:41:02,464: WARNING: config: TensorFlow GPU support is not available on native Windows for TensorFlow >= 2.11. Even if CUDA/cuDNN are installed, GPU will not be used. Please use WSL2 or the TensorFlow-DirectML plugin.:]
[2026-05-07 10:41:02,554: WARNING: saving_api: You are saving your model as an HDF5 file via `model.save()` or `keras.saving.save_model(model)`. This file format is considered legacy. We recommend using instead the native Keras format, e.g. `model.save('my_model.keras')` or `keras.saving.save_model(model, 'my_model.keras')`. :]
[2026-05-07 10:41:02,868: INFO: stage_02_prepare_base_model: >>>>>> stage Prepare base model completed <<<<<<

x==========x:]
[2026-05-07 10:41:17,854: INFO: stage_03_training: *******************:]
[2026-05-07 10:41:17,855: INFO: stage_03_training: >>>>>> stage Training started <<<<<<:]
[2026-05-07 10:41:17,862: INFO: common: YAML file config\config.yaml loaded successfully:]
[2026-05-07 10:41:17,867: INFO: common: YAML file params.yaml loaded successfully:]
[2026-05-07 10:41:17,869: INFO: common: created directory at: artifacts:]
[2026-05-07 10:41:17,872: INFO: common: created directory at: artifacts\prepare_callbacks\checkpoint_dir:]
[2026-05-07 10:41:17,877: INFO: common: created directory at: artifacts\prepare_callbacks\tensorboard_log_dir:]
[2026-05-07 10:41:17,879: INFO: common: created directory at: artifacts\training:]
[2026-05-07 10:41:18,722: WARNING: config: TensorFlow GPU support is not available on native Windows for TensorFlow >= 2.11. Even if CUDA/cuDNN are installed, GPU will not be used. Please use WSL2 or the TensorFlow-DirectML plugin.:]
[2026-05-07 10:41:18,731: WARNING: saving_utils: Compiled the loaded model, but the compiled metrics have yet to be built. `model.compile_metrics` will be empty until you train or evaluate the model.:]
[2026-05-07 10:44:06,410: WARNING: saving_api: You are saving your model as an HDF5 file via `model.save()` or `keras.saving.save_model(model)`. This file format is considered legacy. We recommend using instead the native Keras format, e.g. `model.save('my_model.keras')` or `keras.saving.save_model(model, 'my_model.keras')`. :]
[2026-05-07 10:44:06,806: WARNING: saving_api: You are saving your model as an HDF5 file via `model.save()` or `keras.saving.save_model(model)`. This file format is considered legacy. We recommend using instead the native Keras format, e.g. `model.save('my_model.keras')` or `keras.saving.save_model(model, 'my_model.keras')`. :]
[2026-05-07 10:44:07,138: INFO: stage_03_training: >>>>>> stage Training completed <<<<<<

x==========x:]
[2026-05-07 10:45:19,944: INFO: stage_03_training: *******************:]
[2026-05-07 10:45:19,945: INFO: stage_03_training: >>>>>> stage Training started <<<<<<:]
[2026-05-07 10:45:19,951: INFO: common: YAML file config\config.yaml loaded successfully:]
[2026-05-07 10:45:19,957: INFO: common: YAML file params.yaml loaded successfully:]
[2026-05-07 10:45:19,959: INFO: common: created directory at: artifacts:]
[2026-05-07 10:45:19,961: INFO: common: created directory at: artifacts\prepare_callbacks\checkpoint_dir:]
[2026-05-07 10:45:19,962: INFO: common: created directory at: artifacts\prepare_callbacks\tensorboard_log_dir:]
[2026-05-07 10:45:19,964: INFO: common: created directory at: artifacts\training:]
[2026-05-07 10:45:20,779: WARNING: config: TensorFlow GPU support is not available on native Windows for TensorFlow >= 2.11. Even if CUDA/cuDNN are installed, GPU will not be used. Please use WSL2 or the TensorFlow-DirectML plugin.:]
[2026-05-07 10:45:20,788: WARNING: saving_utils: Compiled the loaded model, but the compiled metrics have yet to be built. `model.compile_metrics` will be empty until you train or evaluate the model.:]
[2026-05-07 10:48:29,899: WARNING: saving_api: You are saving your model as an HDF5 file via `model.save()` or `keras.saving.save_model(model)`. This file format is considered legacy. We recommend using instead the native Keras format, e.g. `model.save('my_model.keras')` or `keras.saving.save_model(model, 'my_model.keras')`. :]
[2026-05-07 10:48:30,202: WARNING: saving_api: You are saving your model as an HDF5 file via `model.save()` or `keras.saving.save_model(model)`. This file format is considered legacy. We recommend using instead the native Keras format, e.g. `model.save('my_model.keras')` or `keras.saving.save_model(model, 'my_model.keras')`. :]
[2026-05-07 10:48:30,400: INFO: stage_03_training: >>>>>> stage Training completed <<<<<<

x==========x:]
[2026-05-07 10:48:42,500: INFO: stage_04_evaluation: *******************:]
[2026-05-07 10:48:42,500: INFO: stage_04_evaluation: >>>>>> stage Evaluation stage started <<<<<<:]
[2026-05-07 10:48:42,504: INFO: common: YAML file config\config.yaml loaded successfully:]
[2026-05-07 10:48:42,506: INFO: common: YAML file params.yaml loaded successfully:]
[2026-05-07 10:48:42,506: INFO: common: created directory at: artifacts:]
[2026-05-07 10:48:42,871: WARNING: config: TensorFlow GPU support is not available on native Windows for TensorFlow >= 2.11. Even if CUDA/cuDNN are installed, GPU will not be used. Please use WSL2 or the TensorFlow-DirectML plugin.:]
[2026-05-07 10:48:42,874: WARNING: saving_utils: Compiled the loaded model, but the compiled metrics have yet to be built. `model.compile_metrics` will be empty until you train or evaluate the model.:]
[2026-05-07 10:49:03,604: INFO: common: json file saved at: scores.json:]
[2026-05-07 10:49:03,605: INFO: stage_04_evaluation: >>>>>> stage Evaluation stage completed <<<<<<

x==========x:]
[2026-05-08 11:08:38,915: INFO: _internal: [31m[1mWARNING: This is a development server. Do not use it in a production deployment. Use a production WSGI server instead.[0m
 * Running on all addresses (0.0.0.0)
 * Running on http://127.0.0.1:8080
 * Running on http://10.39.195.87:8080:]
[2026-05-08 11:08:38,917: INFO: _internal: [33mPress CTRL+C to quit[0m:]
[2026-05-08 11:09:12,142: INFO: _internal: 127.0.0.1 - - [08/May/2026 11:09:12] "GET / HTTP/1.1" 200 -:]
[2026-05-08 11:09:12,661: INFO: _internal: 127.0.0.1 - - [08/May/2026 11:09:12] "[33mGET /favicon.ico HTTP/1.1[0m" 404 -:]
